all-aligned	174812
all-mapq-filter	0
autosomal-align	174812
duplicate	2778
duplicate-nuclear	2778
mm	2531
nm	0
nuclear-align	174812
paired-aligned	174812
paired-autosomal-align	174812
paired-nuclear-align	174812
qc-flagged	0
u	174812
u-pf	174812
u-pf-n	174710
u-pf-n-mm2	174710
u-pf-n-mm2-mito	174710
chr22	174698
chr22_KI270733v1_random	8
chr22_KI270735v1_random	2
chr22_KI270736v1_random	2
mapq-10	19
mapq-11	51
mapq-12	79
mapq-13	12
mapq-14	6
mapq-15	224
mapq-16	2
mapq-17	1021
mapq-18	26
mapq-19	30
mapq-20	171
mapq-21	2
mapq-22	145
mapq-23	655
mapq-24	10
mapq-25	1045
mapq-26	12
mapq-27	7
mapq-28	6
mapq-29	4904
mapq-30	21
mapq-32	8
mapq-33	10
mapq-34	8
mapq-35	16
mapq-36	510
mapq-37	17114
mapq-38	64
mapq-39	36
mapq-40	92
mapq-41	70
mapq-42	46
mapq-43	112
mapq-44	70
mapq-45	128
mapq-46	508
mapq-47	92
mapq-48	216
mapq-49	138
mapq-50	1494
mapq-51	66
mapq-52	210
mapq-53	142
mapq-54	224
mapq-55	234
mapq-57	568
mapq-60	144188
samflag-1107	668
samflag-1123	721
samflag-1171	721
samflag-1187	668
samflag-147	43012
samflag-163	42999
samflag-4179	3
samflag-4195	3
samflag-4243	3
samflag-4259	3
samflag-83	42999
samflag-99	43012
aligned-readlength-16	2
aligned-readlength-17	2
aligned-readlength-18	18
aligned-readlength-20	94
aligned-readlength-21	164
aligned-readlength-22	280
aligned-readlength-23	338
aligned-readlength-24	484
aligned-readlength-25	546
aligned-readlength-26	726
aligned-readlength-27	918
aligned-readlength-28	1050
aligned-readlength-29	1194
aligned-readlength-30	1272
aligned-readlength-31	1304
aligned-readlength-32	1318
aligned-readlength-33	1416
aligned-readlength-34	1476
aligned-readlength-36	162210
readlength-16	2
readlength-17	2
readlength-18	18
readlength-20	94
readlength-21	164
readlength-22	280
readlength-23	338
readlength-24	484
readlength-25	546
readlength-26	726
readlength-27	918
readlength-28	1050
readlength-29	1194
readlength-30	1272
readlength-31	1304
readlength-32	1318
readlength-33	1416
readlength-34	1476
readlength-36	162210
